// Jest Snapshot v1, https://goo.gl/fbAQLP

exports[`<AccountPage /> renders properly 1`] = `
<AccountPage
  authedUserState={
    Object {
      "error": null,
      "loading": false,
      "message": null,
      "token": null,
      "user": null,
    }
  }
  deleteUser={[MockFunction]}
  dispatch={[Function]}
  goToUserPolls={[MockFunction]}
  openNewPollPopup={[MockFunction]}
>
  <WithStyles(Grid)
    alignItems="flex-start"
    className="grid-container"
    container={true}
    direction="row"
    justify="center"
  >
    <Grid
      alignContent="stretch"
      alignItems="flex-start"
      className="grid-container"
      classes={
        Object {
          "align-content-xs-center": "MuiGrid-align-content-xs-center-13",
          "align-content-xs-flex-end": "MuiGrid-align-content-xs-flex-end-15",
          "align-content-xs-flex-start": "MuiGrid-align-content-xs-flex-start-14",
          "align-content-xs-space-around": "MuiGrid-align-content-xs-space-around-17",
          "align-content-xs-space-between": "MuiGrid-align-content-xs-space-between-16",
          "align-items-xs-baseline": "MuiGrid-align-items-xs-baseline-12",
          "align-items-xs-center": "MuiGrid-align-items-xs-center-9",
          "align-items-xs-flex-end": "MuiGrid-align-items-xs-flex-end-11",
          "align-items-xs-flex-start": "MuiGrid-align-items-xs-flex-start-10",
          "container": "MuiGrid-container-1",
          "direction-xs-column": "MuiGrid-direction-xs-column-4",
          "direction-xs-column-reverse": "MuiGrid-direction-xs-column-reverse-5",
          "direction-xs-row-reverse": "MuiGrid-direction-xs-row-reverse-6",
          "grid-lg-1": "MuiGrid-grid-lg-1-72",
          "grid-lg-10": "MuiGrid-grid-lg-10-81",
          "grid-lg-11": "MuiGrid-grid-lg-11-82",
          "grid-lg-12": "MuiGrid-grid-lg-12-83",
          "grid-lg-2": "MuiGrid-grid-lg-2-73",
          "grid-lg-3": "MuiGrid-grid-lg-3-74",
          "grid-lg-4": "MuiGrid-grid-lg-4-75",
          "grid-lg-5": "MuiGrid-grid-lg-5-76",
          "grid-lg-6": "MuiGrid-grid-lg-6-77",
          "grid-lg-7": "MuiGrid-grid-lg-7-78",
          "grid-lg-8": "MuiGrid-grid-lg-8-79",
          "grid-lg-9": "MuiGrid-grid-lg-9-80",
          "grid-lg-auto": "MuiGrid-grid-lg-auto-70",
          "grid-lg-true": "MuiGrid-grid-lg-true-71",
          "grid-md-1": "MuiGrid-grid-md-1-58",
          "grid-md-10": "MuiGrid-grid-md-10-67",
          "grid-md-11": "MuiGrid-grid-md-11-68",
          "grid-md-12": "MuiGrid-grid-md-12-69",
          "grid-md-2": "MuiGrid-grid-md-2-59",
          "grid-md-3": "MuiGrid-grid-md-3-60",
          "grid-md-4": "MuiGrid-grid-md-4-61",
          "grid-md-5": "MuiGrid-grid-md-5-62",
          "grid-md-6": "MuiGrid-grid-md-6-63",
          "grid-md-7": "MuiGrid-grid-md-7-64",
          "grid-md-8": "MuiGrid-grid-md-8-65",
          "grid-md-9": "MuiGrid-grid-md-9-66",
          "grid-md-auto": "MuiGrid-grid-md-auto-56",
          "grid-md-true": "MuiGrid-grid-md-true-57",
          "grid-sm-1": "MuiGrid-grid-sm-1-44",
          "grid-sm-10": "MuiGrid-grid-sm-10-53",
          "grid-sm-11": "MuiGrid-grid-sm-11-54",
          "grid-sm-12": "MuiGrid-grid-sm-12-55",
          "grid-sm-2": "MuiGrid-grid-sm-2-45",
          "grid-sm-3": "MuiGrid-grid-sm-3-46",
          "grid-sm-4": "MuiGrid-grid-sm-4-47",
          "grid-sm-5": "MuiGrid-grid-sm-5-48",
          "grid-sm-6": "MuiGrid-grid-sm-6-49",
          "grid-sm-7": "MuiGrid-grid-sm-7-50",
          "grid-sm-8": "MuiGrid-grid-sm-8-51",
          "grid-sm-9": "MuiGrid-grid-sm-9-52",
          "grid-sm-auto": "MuiGrid-grid-sm-auto-42",
          "grid-sm-true": "MuiGrid-grid-sm-true-43",
          "grid-xl-1": "MuiGrid-grid-xl-1-86",
          "grid-xl-10": "MuiGrid-grid-xl-10-95",
          "grid-xl-11": "MuiGrid-grid-xl-11-96",
          "grid-xl-12": "MuiGrid-grid-xl-12-97",
          "grid-xl-2": "MuiGrid-grid-xl-2-87",
          "grid-xl-3": "MuiGrid-grid-xl-3-88",
          "grid-xl-4": "MuiGrid-grid-xl-4-89",
          "grid-xl-5": "MuiGrid-grid-xl-5-90",
          "grid-xl-6": "MuiGrid-grid-xl-6-91",
          "grid-xl-7": "MuiGrid-grid-xl-7-92",
          "grid-xl-8": "MuiGrid-grid-xl-8-93",
          "grid-xl-9": "MuiGrid-grid-xl-9-94",
          "grid-xl-auto": "MuiGrid-grid-xl-auto-84",
          "grid-xl-true": "MuiGrid-grid-xl-true-85",
          "grid-xs-1": "MuiGrid-grid-xs-1-30",
          "grid-xs-10": "MuiGrid-grid-xs-10-39",
          "grid-xs-11": "MuiGrid-grid-xs-11-40",
          "grid-xs-12": "MuiGrid-grid-xs-12-41",
          "grid-xs-2": "MuiGrid-grid-xs-2-31",
          "grid-xs-3": "MuiGrid-grid-xs-3-32",
          "grid-xs-4": "MuiGrid-grid-xs-4-33",
          "grid-xs-5": "MuiGrid-grid-xs-5-34",
          "grid-xs-6": "MuiGrid-grid-xs-6-35",
          "grid-xs-7": "MuiGrid-grid-xs-7-36",
          "grid-xs-8": "MuiGrid-grid-xs-8-37",
          "grid-xs-9": "MuiGrid-grid-xs-9-38",
          "grid-xs-auto": "MuiGrid-grid-xs-auto-28",
          "grid-xs-true": "MuiGrid-grid-xs-true-29",
          "item": "MuiGrid-item-2",
          "justify-xs-center": "MuiGrid-justify-xs-center-18",
          "justify-xs-flex-end": "MuiGrid-justify-xs-flex-end-19",
          "justify-xs-space-around": "MuiGrid-justify-xs-space-around-21",
          "justify-xs-space-between": "MuiGrid-justify-xs-space-between-20",
          "justify-xs-space-evenly": "MuiGrid-justify-xs-space-evenly-22",
          "spacing-xs-16": "MuiGrid-spacing-xs-16-24",
          "spacing-xs-24": "MuiGrid-spacing-xs-24-25",
          "spacing-xs-32": "MuiGrid-spacing-xs-32-26",
          "spacing-xs-40": "MuiGrid-spacing-xs-40-27",
          "spacing-xs-8": "MuiGrid-spacing-xs-8-23",
          "wrap-xs-nowrap": "MuiGrid-wrap-xs-nowrap-7",
          "wrap-xs-wrap-reverse": "MuiGrid-wrap-xs-wrap-reverse-8",
          "zeroMinWidth": "MuiGrid-zeroMinWidth-3",
        }
      }
      component="div"
      container={true}
      direction="row"
      item={false}
      justify="center"
      lg={false}
      md={false}
      sm={false}
      spacing={0}
      wrap="wrap"
      xl={false}
      xs={false}
      zeroMinWidth={false}
    >
      <div
        className="MuiGrid-container-1 MuiGrid-align-items-xs-flex-start-10 MuiGrid-justify-xs-center-18 grid-container"
      >
        <WithStyles(Grid)
          className="grid-item"
          item={true}
          sm={12}
          xs={12}
        >
          <Grid
            alignContent="stretch"
            alignItems="stretch"
            className="grid-item"
            classes={
              Object {
                "align-content-xs-center": "MuiGrid-align-content-xs-center-13",
                "align-content-xs-flex-end": "MuiGrid-align-content-xs-flex-end-15",
                "align-content-xs-flex-start": "MuiGrid-align-content-xs-flex-start-14",
                "align-content-xs-space-around": "MuiGrid-align-content-xs-space-around-17",
                "align-content-xs-space-between": "MuiGrid-align-content-xs-space-between-16",
                "align-items-xs-baseline": "MuiGrid-align-items-xs-baseline-12",
                "align-items-xs-center": "MuiGrid-align-items-xs-center-9",
                "align-items-xs-flex-end": "MuiGrid-align-items-xs-flex-end-11",
                "align-items-xs-flex-start": "MuiGrid-align-items-xs-flex-start-10",
                "container": "MuiGrid-container-1",
                "direction-xs-column": "MuiGrid-direction-xs-column-4",
                "direction-xs-column-reverse": "MuiGrid-direction-xs-column-reverse-5",
                "direction-xs-row-reverse": "MuiGrid-direction-xs-row-reverse-6",
                "grid-lg-1": "MuiGrid-grid-lg-1-72",
                "grid-lg-10": "MuiGrid-grid-lg-10-81",
                "grid-lg-11": "MuiGrid-grid-lg-11-82",
                "grid-lg-12": "MuiGrid-grid-lg-12-83",
                "grid-lg-2": "MuiGrid-grid-lg-2-73",
                "grid-lg-3": "MuiGrid-grid-lg-3-74",
                "grid-lg-4": "MuiGrid-grid-lg-4-75",
                "grid-lg-5": "MuiGrid-grid-lg-5-76",
                "grid-lg-6": "MuiGrid-grid-lg-6-77",
                "grid-lg-7": "MuiGrid-grid-lg-7-78",
                "grid-lg-8": "MuiGrid-grid-lg-8-79",
                "grid-lg-9": "MuiGrid-grid-lg-9-80",
                "grid-lg-auto": "MuiGrid-grid-lg-auto-70",
                "grid-lg-true": "MuiGrid-grid-lg-true-71",
                "grid-md-1": "MuiGrid-grid-md-1-58",
                "grid-md-10": "MuiGrid-grid-md-10-67",
                "grid-md-11": "MuiGrid-grid-md-11-68",
                "grid-md-12": "MuiGrid-grid-md-12-69",
                "grid-md-2": "MuiGrid-grid-md-2-59",
                "grid-md-3": "MuiGrid-grid-md-3-60",
                "grid-md-4": "MuiGrid-grid-md-4-61",
                "grid-md-5": "MuiGrid-grid-md-5-62",
                "grid-md-6": "MuiGrid-grid-md-6-63",
                "grid-md-7": "MuiGrid-grid-md-7-64",
                "grid-md-8": "MuiGrid-grid-md-8-65",
                "grid-md-9": "MuiGrid-grid-md-9-66",
                "grid-md-auto": "MuiGrid-grid-md-auto-56",
                "grid-md-true": "MuiGrid-grid-md-true-57",
                "grid-sm-1": "MuiGrid-grid-sm-1-44",
                "grid-sm-10": "MuiGrid-grid-sm-10-53",
                "grid-sm-11": "MuiGrid-grid-sm-11-54",
                "grid-sm-12": "MuiGrid-grid-sm-12-55",
                "grid-sm-2": "MuiGrid-grid-sm-2-45",
                "grid-sm-3": "MuiGrid-grid-sm-3-46",
                "grid-sm-4": "MuiGrid-grid-sm-4-47",
                "grid-sm-5": "MuiGrid-grid-sm-5-48",
                "grid-sm-6": "MuiGrid-grid-sm-6-49",
                "grid-sm-7": "MuiGrid-grid-sm-7-50",
                "grid-sm-8": "MuiGrid-grid-sm-8-51",
                "grid-sm-9": "MuiGrid-grid-sm-9-52",
                "grid-sm-auto": "MuiGrid-grid-sm-auto-42",
                "grid-sm-true": "MuiGrid-grid-sm-true-43",
                "grid-xl-1": "MuiGrid-grid-xl-1-86",
                "grid-xl-10": "MuiGrid-grid-xl-10-95",
                "grid-xl-11": "MuiGrid-grid-xl-11-96",
                "grid-xl-12": "MuiGrid-grid-xl-12-97",
                "grid-xl-2": "MuiGrid-grid-xl-2-87",
                "grid-xl-3": "MuiGrid-grid-xl-3-88",
                "grid-xl-4": "MuiGrid-grid-xl-4-89",
                "grid-xl-5": "MuiGrid-grid-xl-5-90",
                "grid-xl-6": "MuiGrid-grid-xl-6-91",
                "grid-xl-7": "MuiGrid-grid-xl-7-92",
                "grid-xl-8": "MuiGrid-grid-xl-8-93",
                "grid-xl-9": "MuiGrid-grid-xl-9-94",
                "grid-xl-auto": "MuiGrid-grid-xl-auto-84",
                "grid-xl-true": "MuiGrid-grid-xl-true-85",
                "grid-xs-1": "MuiGrid-grid-xs-1-30",
                "grid-xs-10": "MuiGrid-grid-xs-10-39",
                "grid-xs-11": "MuiGrid-grid-xs-11-40",
                "grid-xs-12": "MuiGrid-grid-xs-12-41",
                "grid-xs-2": "MuiGrid-grid-xs-2-31",
                "grid-xs-3": "MuiGrid-grid-xs-3-32",
                "grid-xs-4": "MuiGrid-grid-xs-4-33",
                "grid-xs-5": "MuiGrid-grid-xs-5-34",
                "grid-xs-6": "MuiGrid-grid-xs-6-35",
                "grid-xs-7": "MuiGrid-grid-xs-7-36",
                "grid-xs-8": "MuiGrid-grid-xs-8-37",
                "grid-xs-9": "MuiGrid-grid-xs-9-38",
                "grid-xs-auto": "MuiGrid-grid-xs-auto-28",
                "grid-xs-true": "MuiGrid-grid-xs-true-29",
                "item": "MuiGrid-item-2",
                "justify-xs-center": "MuiGrid-justify-xs-center-18",
                "justify-xs-flex-end": "MuiGrid-justify-xs-flex-end-19",
                "justify-xs-space-around": "MuiGrid-justify-xs-space-around-21",
                "justify-xs-space-between": "MuiGrid-justify-xs-space-between-20",
                "justify-xs-space-evenly": "MuiGrid-justify-xs-space-evenly-22",
                "spacing-xs-16": "MuiGrid-spacing-xs-16-24",
                "spacing-xs-24": "MuiGrid-spacing-xs-24-25",
                "spacing-xs-32": "MuiGrid-spacing-xs-32-26",
                "spacing-xs-40": "MuiGrid-spacing-xs-40-27",
                "spacing-xs-8": "MuiGrid-spacing-xs-8-23",
                "wrap-xs-nowrap": "MuiGrid-wrap-xs-nowrap-7",
                "wrap-xs-wrap-reverse": "MuiGrid-wrap-xs-wrap-reverse-8",
                "zeroMinWidth": "MuiGrid-zeroMinWidth-3",
              }
            }
            component="div"
            container={false}
            direction="row"
            item={true}
            justify="flex-start"
            lg={false}
            md={false}
            sm={12}
            spacing={0}
            wrap="wrap"
            xl={false}
            xs={12}
            zeroMinWidth={false}
          >
            <div
              className="MuiGrid-item-2 MuiGrid-grid-xs-12-41 MuiGrid-grid-sm-12-55 grid-item"
            >
              <WithStyles(Typography)
                className="page-title"
                variant="title"
              >
                <Typography
                  align="inherit"
                  className="page-title"
                  classes={
                    Object {
                      "alignCenter": "MuiTypography-alignCenter-121",
                      "alignJustify": "MuiTypography-alignJustify-123",
                      "alignLeft": "MuiTypography-alignLeft-120",
                      "alignRight": "MuiTypography-alignRight-122",
                      "body1": "MuiTypography-body1-107",
                      "body2": "MuiTypography-body2-106",
                      "button": "MuiTypography-button-109",
                      "caption": "MuiTypography-caption-108",
                      "colorError": "MuiTypography-colorError-132",
                      "colorInherit": "MuiTypography-colorInherit-127",
                      "colorPrimary": "MuiTypography-colorPrimary-128",
                      "colorSecondary": "MuiTypography-colorSecondary-129",
                      "colorTextPrimary": "MuiTypography-colorTextPrimary-130",
                      "colorTextSecondary": "MuiTypography-colorTextSecondary-131",
                      "display1": "MuiTypography-display1-102",
                      "display2": "MuiTypography-display2-101",
                      "display3": "MuiTypography-display3-100",
                      "display4": "MuiTypography-display4-99",
                      "gutterBottom": "MuiTypography-gutterBottom-125",
                      "h1": "MuiTypography-h1-110",
                      "h2": "MuiTypography-h2-111",
                      "h3": "MuiTypography-h3-112",
                      "h4": "MuiTypography-h4-113",
                      "h5": "MuiTypography-h5-114",
                      "h6": "MuiTypography-h6-115",
                      "headline": "MuiTypography-headline-103",
                      "inline": "MuiTypography-inline-133",
                      "noWrap": "MuiTypography-noWrap-124",
                      "overline": "MuiTypography-overline-118",
                      "paragraph": "MuiTypography-paragraph-126",
                      "root": "MuiTypography-root-98",
                      "srOnly": "MuiTypography-srOnly-119",
                      "subheading": "MuiTypography-subheading-105",
                      "subtitle1": "MuiTypography-subtitle1-116",
                      "subtitle2": "MuiTypography-subtitle2-117",
                      "title": "MuiTypography-title-104",
                    }
                  }
                  color="default"
                  gutterBottom={false}
                  headlineMapping={
                    Object {
                      "body1": "p",
                      "body2": "p",
                      "display1": "h1",
                      "display2": "h1",
                      "display3": "h1",
                      "display4": "h1",
                      "h1": "h1",
                      "h2": "h2",
                      "h3": "h3",
                      "h4": "h4",
                      "h5": "h5",
                      "h6": "h6",
                      "headline": "h1",
                      "subheading": "h3",
                      "subtitle1": "h6",
                      "subtitle2": "h6",
                      "title": "h2",
                    }
                  }
                  inline={false}
                  noWrap={false}
                  paragraph={false}
                  theme={
                    Object {
                      "breakpoints": Object {
                        "between": [Function],
                        "down": [Function],
                        "keys": Array [
                          "xs",
                          "sm",
                          "md",
                          "lg",
                          "xl",
                        ],
                        "only": [Function],
                        "up": [Function],
                        "values": Object {
                          "lg": 1280,
                          "md": 960,
                          "sm": 600,
                          "xl": 1920,
                          "xs": 0,
                        },
                        "width": [Function],
                      },
                      "direction": "ltr",
                      "mixins": Object {
                        "gutters": [Function],
                        "toolbar": Object {
                          "@media (min-width:0px) and (orientation: landscape)": Object {
                            "minHeight": 48,
                          },
                          "@media (min-width:600px)": Object {
                            "minHeight": 64,
                          },
                          "minHeight": 56,
                        },
                      },
                      "overrides": Object {},
                      "palette": Object {
                        "action": Object {
                          "active": "rgba(0, 0, 0, 0.54)",
                          "disabled": "rgba(0, 0, 0, 0.26)",
                          "disabledBackground": "rgba(0, 0, 0, 0.12)",
                          "hover": "rgba(0, 0, 0, 0.08)",
                          "hoverOpacity": 0.08,
                          "selected": "rgba(0, 0, 0, 0.14)",
                        },
                        "augmentColor": [Function],
                        "background": Object {
                          "default": "#fafafa",
                          "paper": "#fff",
                        },
                        "common": Object {
                          "black": "#000",
                          "white": "#fff",
                        },
                        "contrastThreshold": 3,
                        "divider": "rgba(0, 0, 0, 0.12)",
                        "error": Object {
                          "contrastText": "#fff",
                          "dark": "#d32f2f",
                          "light": "#e57373",
                          "main": "#f44336",
                        },
                        "getContrastText": [Function],
                        "grey": Object {
                          "100": "#f5f5f5",
                          "200": "#eeeeee",
                          "300": "#e0e0e0",
                          "400": "#bdbdbd",
                          "50": "#fafafa",
                          "500": "#9e9e9e",
                          "600": "#757575",
                          "700": "#616161",
                          "800": "#424242",
                          "900": "#212121",
                          "A100": "#d5d5d5",
                          "A200": "#aaaaaa",
                          "A400": "#303030",
                          "A700": "#616161",
                        },
                        "primary": Object {
                          "contrastText": "#fff",
                          "dark": "#303f9f",
                          "light": "#7986cb",
                          "main": "#3f51b5",
                        },
                        "secondary": Object {
                          "contrastText": "#fff",
                          "dark": "#c51162",
                          "light": "#ff4081",
                          "main": "#f50057",
                        },
                        "text": Object {
                          "disabled": "rgba(0, 0, 0, 0.38)",
                          "hint": "rgba(0, 0, 0, 0.38)",
                          "primary": "rgba(0, 0, 0, 0.87)",
                          "secondary": "rgba(0, 0, 0, 0.54)",
                        },
                        "tonalOffset": 0.2,
                        "type": "light",
                      },
                      "props": Object {},
                      "shadows": Array [
                        "none",
                        "0px 1px 3px 0px rgba(0,0,0,0.2),0px 1px 1px 0px rgba(0,0,0,0.14),0px 2px 1px -1px rgba(0,0,0,0.12)",
                        "0px 1px 5px 0px rgba(0,0,0,0.2),0px 2px 2px 0px rgba(0,0,0,0.14),0px 3px 1px -2px rgba(0,0,0,0.12)",
                        "0px 1px 8px 0px rgba(0,0,0,0.2),0px 3px 4px 0px rgba(0,0,0,0.14),0px 3px 3px -2px rgba(0,0,0,0.12)",
                        "0px 2px 4px -1px rgba(0,0,0,0.2),0px 4px 5px 0px rgba(0,0,0,0.14),0px 1px 10px 0px rgba(0,0,0,0.12)",
                        "0px 3px 5px -1px rgba(0,0,0,0.2),0px 5px 8px 0px rgba(0,0,0,0.14),0px 1px 14px 0px rgba(0,0,0,0.12)",
                        "0px 3px 5px -1px rgba(0,0,0,0.2),0px 6px 10px 0px rgba(0,0,0,0.14),0px 1px 18px 0px rgba(0,0,0,0.12)",
                        "0px 4px 5px -2px rgba(0,0,0,0.2),0px 7px 10px 1px rgba(0,0,0,0.14),0px 2px 16px 1px rgba(0,0,0,0.12)",
                        "0px 5px 5px -3px rgba(0,0,0,0.2),0px 8px 10px 1px rgba(0,0,0,0.14),0px 3px 14px 2px rgba(0,0,0,0.12)",
                        "0px 5px 6px -3px rgba(0,0,0,0.2),0px 9px 12px 1px rgba(0,0,0,0.14),0px 3px 16px 2px rgba(0,0,0,0.12)",
                        "0px 6px 6px -3px rgba(0,0,0,0.2),0px 10px 14px 1px rgba(0,0,0,0.14),0px 4px 18px 3px rgba(0,0,0,0.12)",
                        "0px 6px 7px -4px rgba(0,0,0,0.2),0px 11px 15px 1px rgba(0,0,0,0.14),0px 4px 20px 3px rgba(0,0,0,0.12)",
                        "0px 7px 8px -4px rgba(0,0,0,0.2),0px 12px 17px 2px rgba(0,0,0,0.14),0px 5px 22px 4px rgba(0,0,0,0.12)",
                        "0px 7px 8px -4px rgba(0,0,0,0.2),0px 13px 19px 2px rgba(0,0,0,0.14),0px 5px 24px 4px rgba(0,0,0,0.12)",
                        "0px 7px 9px -4px rgba(0,0,0,0.2),0px 14px 21px 2px rgba(0,0,0,0.14),0px 5px 26px 4px rgba(0,0,0,0.12)",
                        "0px 8px 9px -5px rgba(0,0,0,0.2),0px 15px 22px 2px rgba(0,0,0,0.14),0px 6px 28px 5px rgba(0,0,0,0.12)",
                        "0px 8px 10px -5px rgba(0,0,0,0.2),0px 16px 24px 2px rgba(0,0,0,0.14),0px 6px 30px 5px rgba(0,0,0,0.12)",
                        "0px 8px 11px -5px rgba(0,0,0,0.2),0px 17px 26px 2px rgba(0,0,0,0.14),0px 6px 32px 5px rgba(0,0,0,0.12)",
                        "0px 9px 11px -5px rgba(0,0,0,0.2),0px 18px 28px 2px rgba(0,0,0,0.14),0px 7px 34px 6px rgba(0,0,0,0.12)",
                        "0px 9px 12px -6px rgba(0,0,0,0.2),0px 19px 29px 2px rgba(0,0,0,0.14),0px 7px 36px 6px rgba(0,0,0,0.12)",
                        "0px 10px 13px -6px rgba(0,0,0,0.2),0px 20px 31px 3px rgba(0,0,0,0.14),0px 8px 38px 7px rgba(0,0,0,0.12)",
                        "0px 10px 13px -6px rgba(0,0,0,0.2),0px 21px 33px 3px rgba(0,0,0,0.14),0px 8px 40px 7px rgba(0,0,0,0.12)",
                        "0px 10px 14px -6px rgba(0,0,0,0.2),0px 22px 35px 3px rgba(0,0,0,0.14),0px 8px 42px 7px rgba(0,0,0,0.12)",
                        "0px 11px 14px -7px rgba(0,0,0,0.2),0px 23px 36px 3px rgba(0,0,0,0.14),0px 9px 44px 8px rgba(0,0,0,0.12)",
                        "0px 11px 15px -7px rgba(0,0,0,0.2),0px 24px 38px 3px rgba(0,0,0,0.14),0px 9px 46px 8px rgba(0,0,0,0.12)",
                      ],
                      "shape": Object {
                        "borderRadius": 4,
                      },
                      "spacing": Object {
                        "unit": 8,
                      },
                      "transitions": Object {
                        "create": [Function],
                        "duration": Object {
                          "complex": 375,
                          "enteringScreen": 225,
                          "leavingScreen": 195,
                          "short": 250,
                          "shorter": 200,
                          "shortest": 150,
                          "standard": 300,
                        },
                        "easing": Object {
                          "easeIn": "cubic-bezier(0.4, 0, 1, 1)",
                          "easeInOut": "cubic-bezier(0.4, 0, 0.2, 1)",
                          "easeOut": "cubic-bezier(0.0, 0, 0.2, 1)",
                          "sharp": "cubic-bezier(0.4, 0, 0.6, 1)",
                        },
                        "getAutoHeightDuration": [Function],
                      },
                      "typography": Object {
                        "body1": Object {
                          "color": "rgba(0, 0, 0, 0.87)",
                          "fontFamily": "\\"Roboto\\", \\"Helvetica\\", \\"Arial\\", sans-serif",
                          "fontSize": "0.875rem",
                          "fontWeight": 400,
                          "lineHeight": "1.46429em",
                        },
                        "body1Next": Object {
                          "color": "rgba(0, 0, 0, 0.87)",
                          "fontFamily": "\\"Roboto\\", \\"Helvetica\\", \\"Arial\\", sans-serif",
                          "fontSize": "1rem",
                          "fontWeight": 400,
                          "letterSpacing": "0.00938em",
                          "lineHeight": 1.5,
                        },
                        "body2": Object {
                          "color": "rgba(0, 0, 0, 0.87)",
                          "fontFamily": "\\"Roboto\\", \\"Helvetica\\", \\"Arial\\", sans-serif",
                          "fontSize": "0.875rem",
                          "fontWeight": 500,
                          "lineHeight": "1.71429em",
                        },
                        "body2Next": Object {
                          "color": "rgba(0, 0, 0, 0.87)",
                          "fontFamily": "\\"Roboto\\", \\"Helvetica\\", \\"Arial\\", sans-serif",
                          "fontSize": "0.875rem",
                          "fontWeight": 400,
                          "letterSpacing": "0.01071em",
                          "lineHeight": 1.5,
                        },
                        "button": Object {
                          "color": "rgba(0, 0, 0, 0.87)",
                          "fontFamily": "\\"Roboto\\", \\"Helvetica\\", \\"Arial\\", sans-serif",
                          "fontSize": "0.875rem",
                          "fontWeight": 500,
                          "textTransform": "uppercase",
                        },
                        "buttonNext": Object {
                          "color": "rgba(0, 0, 0, 0.87)",
                          "fontFamily": "\\"Roboto\\", \\"Helvetica\\", \\"Arial\\", sans-serif",
                          "fontSize": "0.875rem",
                          "fontWeight": 500,
                          "letterSpacing": "0.02857em",
                          "lineHeight": 1.75,
                          "textTransform": "uppercase",
                        },
                        "caption": Object {
                          "color": "rgba(0, 0, 0, 0.54)",
                          "fontFamily": "\\"Roboto\\", \\"Helvetica\\", \\"Arial\\", sans-serif",
                          "fontSize": "0.75rem",
                          "fontWeight": 400,
                          "lineHeight": "1.375em",
                        },
                        "captionNext": Object {
                          "color": "rgba(0, 0, 0, 0.87)",
                          "fontFamily": "\\"Roboto\\", \\"Helvetica\\", \\"Arial\\", sans-serif",
                          "fontSize": "0.75rem",
                          "fontWeight": 400,
                          "letterSpacing": "0.03333em",
                          "lineHeight": 1.66,
                        },
                        "display1": Object {
                          "color": "rgba(0, 0, 0, 0.54)",
                          "fontFamily": "\\"Roboto\\", \\"Helvetica\\", \\"Arial\\", sans-serif",
                          "fontSize": "2.125rem",
                          "fontWeight": 400,
                          "lineHeight": "1.20588em",
                        },
                        "display2": Object {
                          "color": "rgba(0, 0, 0, 0.54)",
                          "fontFamily": "\\"Roboto\\", \\"Helvetica\\", \\"Arial\\", sans-serif",
                          "fontSize": "2.8125rem",
                          "fontWeight": 400,
                          "lineHeight": "1.13333em",
                          "marginLeft": "-.02em",
                        },
                        "display3": Object {
                          "color": "rgba(0, 0, 0, 0.54)",
                          "fontFamily": "\\"Roboto\\", \\"Helvetica\\", \\"Arial\\", sans-serif",
                          "fontSize": "3.5rem",
                          "fontWeight": 400,
                          "letterSpacing": "-.02em",
                          "lineHeight": "1.30357em",
                          "marginLeft": "-.02em",
                        },
                        "display4": Object {
                          "color": "rgba(0, 0, 0, 0.54)",
                          "fontFamily": "\\"Roboto\\", \\"Helvetica\\", \\"Arial\\", sans-serif",
                          "fontSize": "7rem",
                          "fontWeight": 300,
                          "letterSpacing": "-.04em",
                          "lineHeight": "1.14286em",
                          "marginLeft": "-.04em",
                        },
                        "fontFamily": "\\"Roboto\\", \\"Helvetica\\", \\"Arial\\", sans-serif",
                        "fontSize": 14,
                        "fontWeightLight": 300,
                        "fontWeightMedium": 500,
                        "fontWeightRegular": 400,
                        "h1": Object {
                          "color": "rgba(0, 0, 0, 0.87)",
                          "fontFamily": "\\"Roboto\\", \\"Helvetica\\", \\"Arial\\", sans-serif",
                          "fontSize": "6rem",
                          "fontWeight": 300,
                          "letterSpacing": "-0.01562em",
                          "lineHeight": 1,
                        },
                        "h2": Object {
                          "color": "rgba(0, 0, 0, 0.87)",
                          "fontFamily": "\\"Roboto\\", \\"Helvetica\\", \\"Arial\\", sans-serif",
                          "fontSize": "3.75rem",
                          "fontWeight": 300,
                          "letterSpacing": "-0.00833em",
                          "lineHeight": 1,
                        },
                        "h3": Object {
                          "color": "rgba(0, 0, 0, 0.87)",
                          "fontFamily": "\\"Roboto\\", \\"Helvetica\\", \\"Arial\\", sans-serif",
                          "fontSize": "3rem",
                          "fontWeight": 400,
                          "letterSpacing": "0em",
                          "lineHeight": 1.04,
                        },
                        "h4": Object {
                          "color": "rgba(0, 0, 0, 0.87)",
                          "fontFamily": "\\"Roboto\\", \\"Helvetica\\", \\"Arial\\", sans-serif",
                          "fontSize": "2.125rem",
                          "fontWeight": 400,
                          "letterSpacing": "0.00735em",
                          "lineHeight": 1.17,
                        },
                        "h5": Object {
                          "color": "rgba(0, 0, 0, 0.87)",
                          "fontFamily": "\\"Roboto\\", \\"Helvetica\\", \\"Arial\\", sans-serif",
                          "fontSize": "1.5rem",
                          "fontWeight": 400,
                          "letterSpacing": "0em",
                          "lineHeight": 1.33,
                        },
                        "h6": Object {
                          "color": "rgba(0, 0, 0, 0.87)",
                          "fontFamily": "\\"Roboto\\", \\"Helvetica\\", \\"Arial\\", sans-serif",
                          "fontSize": "1.25rem",
                          "fontWeight": 500,
                          "letterSpacing": "0.0075em",
                          "lineHeight": 1.6,
                        },
                        "headline": Object {
                          "color": "rgba(0, 0, 0, 0.87)",
                          "fontFamily": "\\"Roboto\\", \\"Helvetica\\", \\"Arial\\", sans-serif",
                          "fontSize": "1.5rem",
                          "fontWeight": 400,
                          "lineHeight": "1.35417em",
                        },
                        "overline": Object {
                          "color": "rgba(0, 0, 0, 0.87)",
                          "fontFamily": "\\"Roboto\\", \\"Helvetica\\", \\"Arial\\", sans-serif",
                          "fontSize": "0.75rem",
                          "fontWeight": 400,
                          "letterSpacing": "0.08333em",
                          "lineHeight": 2.66,
                          "textTransform": "uppercase",
                        },
                        "pxToRem": [Function],
                        "round": [Function],
                        "subheading": Object {
                          "color": "rgba(0, 0, 0, 0.87)",
                          "fontFamily": "\\"Roboto\\", \\"Helvetica\\", \\"Arial\\", sans-serif",
                          "fontSize": "1rem",
                          "fontWeight": 400,
                          "lineHeight": "1.5em",
                        },
                        "subtitle1": Object {
                          "color": "rgba(0, 0, 0, 0.87)",
                          "fontFamily": "\\"Roboto\\", \\"Helvetica\\", \\"Arial\\", sans-serif",
                          "fontSize": "1rem",
                          "fontWeight": 400,
                          "letterSpacing": "0.00938em",
                          "lineHeight": 1.75,
                        },
                        "subtitle2": Object {
                          "color": "rgba(0, 0, 0, 0.87)",
                          "fontFamily": "\\"Roboto\\", \\"Helvetica\\", \\"Arial\\", sans-serif",
                          "fontSize": "0.875rem",
                          "fontWeight": 500,
                          "letterSpacing": "0.00714em",
                          "lineHeight": 1.57,
                        },
                        "title": Object {
                          "color": "rgba(0, 0, 0, 0.87)",
                          "fontFamily": "\\"Roboto\\", \\"Helvetica\\", \\"Arial\\", sans-serif",
                          "fontSize": "1.3125rem",
                          "fontWeight": 500,
                          "lineHeight": "1.16667em",
                        },
                        "useNextVariants": false,
                      },
                      "zIndex": Object {
                        "appBar": 1100,
                        "drawer": 1200,
                        "mobileStepper": 1000,
                        "modal": 1300,
                        "snackbar": 1400,
                        "tooltip": 1500,
                      },
                    }
                  }
                  variant="title"
                >
                  <h2
                    className="MuiTypography-root-98 MuiTypography-title-104 page-title"
                  >
                    Account
                  </h2>
                </Typography>
              </WithStyles(Typography)>
            </div>
          </Grid>
        </WithStyles(Grid)>
      </div>
    </Grid>
  </WithStyles(Grid)>
</AccountPage>
`;
